eJ��ѹesp32: SPI Mode       �ets Jul 29 2019 12:21:46

rst:0x1 (POWERON_RESET),boot:0x13 (SPI_FAST_FLASH_BOOT)
configsip: 0, SPIWP:0xee
clk_drv:0x00,q_drv:0x00,d_drv:0x00,cs0_drv:0x00,hd_drv:0x00,wp_drv:0x00
mode:DIO, clock div:2
load:0x3fff0030,len:6276
load:0x40078000,len:15748
load:0x40080400,len:4
ho 8 tail 4 room 4
load:0x40080404,len:3860
entry 0x4008063c
[0;32mI (31) boot: ESP-IDF v5.4.1-dirty 2nd stage bootloader[0m
[0;32mI (31) boot: compile time Jan  8 2026 14:39:13[0m
[0;32mI (31) boot: Multicore bootloader[0m
[0;32mI (33) boot: chip revision: v3.1[0m
[0;32mI (36) boot.esp32: SPI Speed      : 40MHz[0m
[0;32mI (40) boot.esp32: SPI Mode       : DIO[0m
[0;32mI (43) boot.esp32: SPI Flash Size : 2MB[0m
[0;32mI (47) boot: Enabling RNG early entropy source...[0m
[0;32mI (51) boot: Partition Table:[0m
[0;32mI (54) boot: ## Label            Usage          Type ST Offset   Length[0m
[0;32mI (60) boot:  0 nvs              WiFi data        01 02 00009000 00006000[0m
[0;32mI (67) boot:  1 phy_init         RF data          01 01 0000f000 00001000[0m
[0;32mI (73) boot:  2 factory          factory app      00 00 00010000 00100000[0m
[0;32mI (80) boot: End of partition table[0m
[0;32mI (83) esp_image: segment 0: paddr=00010020 vaddr=3f400020 size=0ab48h ( 43848) map[0m
[0;32mI (105) esp_image: segment 1: paddr=0001ab70 vaddr=3ff80000 size=0001ch (    28) load[0m
[0;32mI (106) esp_image: segment 2: paddr=0001ab94 vaddr=3ffb0000 size=02314h (  8980) load[0m
[0;32mI (113) esp_image: segment 3: paddr=0001ceb0 vaddr=40080000 size=03168h ( 12648) load[0m
[0;32mI (122) esp_image: segment 4: paddr=00020020 vaddr=400d0020 size=170b8h ( 94392) map[0m
[0;32mI (157) esp_image: segment 5: paddr=000370e0 vaddr=40083168 size=0aaa8h ( 43688) load[0m
[0;32mI (180) boot: Loaded app from partition at offset 0x10000[0m
[0;32mI (180) boot: Disabling RNG early entropy source...[0m
[0;32mI (191) cpu_start: Multicore app[0m
[0;32mI (199) cpu_start: Pro cpu start user code[0m
[0;32mI (199) cpu_start: cpu freq: 160000000 Hz[0m
[0;32mI (199) app_init: Application information:[0m
[0;32mI (199) app_init: Project name:     app-template[0m
[0;32mI (204) app_init: App version:      1[0m
[0;32mI (207) app_init: Compile time:     Jan  8 2026 14:38:04[0m
[0;32mI (212) app_init: ELF file SHA256:  e15c62923...[0m
[0;32mI (216) app_init: ESP-IDF:          v5.4.1-dirty[0m
[0;32mI (221) efuse_init: Min chip rev:     v0.0[0m
[0;32mI (225) efuse_init: Max chip rev:     v3.99 [0m
[0;32mI (229) efuse_init: Chip rev:         v3.1[0m
[0;32mI (233) heap_init: Initializing. RAM available for dynamic allocation:[0m
[0;32mI (239) heap_init: At 3FFAE6E0 len 00001920 (6 KiB): DRAM[0m
[0;32mI (244) heap_init: At 3FFB30D8 len 0002CF28 (179 KiB): DRAM[0m
[0;32mI (249) heap_init: At 3FFE0440 len 00003AE0 (14 KiB): D/IRAM[0m
[0;32mI (254) heap_init: At 3FFE4350 len 0001BCB0 (111 KiB): D/IRAM[0m
[0;32mI (260) heap_init: At 4008DC10 len 000123F0 (72 KiB): IRAM[0m
[0;32mI (267) spi_flash: detected chip: generic[0m
[0;32mI (269) spi_flash: flash io: dio[0m
[0;33mW (272) spi_flash: Detected size(4096k) larger than the size in the binary image header(2048k). Using the size in the binary image header.[0m
[0;32mI (285) main_task: Started on CPU0[0m
[0;32mI (295) main_task: Calling app_main()[0m
[0;32mI (295) UART_RX: UART Initialized[0m
GPS: GPS InitializedLAT: 19° 7.39347' N
LON: 72° 50.18961' E

LAT: 19° 7.39341' N
LON: 72° 50.18941' E

LAT: 19° 7.39340' N
LON: 72° 50.18932' E

LAT: 19° 7.39340' N
LON: 72° 50.18939' E

LAT: 19° 7.39320' N
LON: 72° 50.18912' E

LAT: 19° 7.39311' N
LON: 72° 50.18896' E

LAT: 19° 7.39304' N
LON: 72° 50.18893' E

LAT: 19° 7.39325' N
LON: 72° 50.18924' E

LAT: 19° 7.39317' N
LON: 72° 50.18907' E

LAT: 19° 7.39338' N
LON: 72° 50.18914' E

LAT: 19° 7.39321' N
LON: 72° 50.18876' E

LAT: 19° 7.39343' N
LON: 72° 50.18908' E

LAT: 19° 7.39353' N
LON: 72° 50.18926' E

LAT: 19° 7.39313' N
LON: 72° 50.18868' E

LAT: 19° 7.39329' N
LON: 72° 50.18882' E

LAT: 19° 7.39325' N
LON: 72° 50.18912' E

LAT: 19° 7.39342' N
LON: 72° 50.18921' E

LAT: 19° 7.39357' N
LON: 72° 50.18932' E

LAT: 19° 7.39364' N
LON: 72° 50.18931' E

LAT: 19° 7.39377' N
LON: 72° 50.18938' E

LAT: 19° 7.39389' N
LON: 72° 50.18943' E

LAT: 19° 7.39385' N
LON: 72° 50.18940' E

LAT: 19° 7.39383' N
LON: 72° 50.18949' E

LAT: 19° 7.39403' N
LON: 72° 50.18969' E

LAT: 19° 7.39401' N
LON: 72° 50.18970' E

LAT: 19° 7.39393' N
LON: 72° 50.18967' E

LAT: 19° 7.39391' N
LON: 72° 50.18975' E

LAT: 19° 7.39377' N
LON: 72° 50.18957' E

LAT: 19° 7.39376' N
LON: 72° 50.18972' E

LAT: 19° 7.39382' N
LON: 72° 50.18949' E

LAT: 19° 7.39372' N
LON: 72° 50.18929' E

LAT: 19° 7.39384' N
LON: 72° 50.18947' E

LAT: 19° 7.39387' N
LON: 72° 50.18951' E

LAT: 19° 7.39411' N
LON: 72° 50.18986' E

LAT: 19° 7.39423' N
LON: 72° 50.18978' E

LAT: 19° 7.39403' N
LON: 72° 50.18945' E

LAT: 19° 7.39390' N
LON: 72° 50.18940' E

LAT: 19° 7.39397' N
LON: 72° 50.18937' E

LAT: 19° 7.39387' N
LON: 72° 50.18912' E

LAT: 19° 7.39388' N
LON: 72° 50.18888' E

LAT: 19° 7.39380' N
LON: 72° 50.18875' E

LAT: 19° 7.39375' N
LON: 72° 50.18844' E

LAT: 19° 7.39400' N
LON: 72° 50.18845' E

LAT: 19° 7.39417' N
LON: 72° 50.18867' E

LAT: 19° 7.39427' N
LON: 72° 50.18879' E

LAT: 19° 7.39411' N
LON: 72° 50.18843' E

LAT: 19° 7.39402' N
LON: 72° 50.18827' E

LAT: 19° 7.39373' N
LON: 72° 50.18791' E

LAT: 19° 7.39328' N
LON: 72° 50.18723' E

LAT: 19° 7.39327' N
LON: 72° 50.18723' E

LAT: 19° 7.39339' N
LON: 72° 50.18719' E

LAT: 19° 7.39336' N
LON: 72° 50.18690' E

LAT: 19° 7.39330' N
LON: 72° 50.18669' E

LAT: 19° 7.39308' N
LON: 72° 50.18618' E

LAT: 19° 7.39347' N
LON: 72° 50.18659' E

LAT: 19° 7.39344' N
LON: 72° 50.18634' E

LAT: 19° 7.39351' N
LON: 72° 50.18629' E

LAT: 19° 7.39361' N
LON: 72° 50.18629' E

LAT: 19° 7.39392' N
LON: 72° 50.18639' E

LAT: 19° 7.39400' N
LON: 72° 50.18626' E

LAT: 19° 7.39419' N
LON: 72° 50.18618' E

LAT: 19° 7.39428' N
LON: 72° 50.18588' E

LAT: 19° 7.39442' N
LON: 72° 50.18575' E

LAT: 19° 7.39496' N
LON: 72° 50.18626' E

LAT: 19° 7.39522' N
LON: 72° 50.18670' E

LAT: 19° 7.39534' N
LON: 72° 50.18644' E

LAT: 19° 7.39543' N
LON: 72° 50.18624' E

LAT: 19° 7.39555' N
LON: 72° 50.18620' E

LAT: 19° 7.39562' N
LON: 72° 50.18626' E

LAT: 19° 7.39562' N
LON: 72° 50.18630' E

LAT: 19° 7.39565' N
LON: 72° 50.18633' E

LAT: 19° 7.39581' N
LON: 72° 50.18640' E

LAT: 19° 7.39584' N
LON: 72° 50.18643' E

LAT: 19° 7.39597' N
LON: 72° 50.18667' E

LAT: 19° 7.39601' N
LON: 72° 50.18659' E

LAT: 19° 7.39634' N
LON: 72° 50.18705' E

LAT: 19° 7.39664' N
LON: 72° 50.18754' E

LAT: 19° 7.39665' N
LON: 72° 50.18759' E

LAT: 19° 7.39664' N
LON: 72° 50.18763' E

LAT: 19° 7.39627' N
LON: 72° 50.18751' E

LAT: 19° 7.39624' N
LON: 72° 50.18763' E

LAT: 19° 7.39640' N
LON: 72° 50.18784' E

LAT: 19° 7.39641' N
LON: 72° 50.18800' E

LAT: 19° 7.39639' N
LON: 72° 50.18810' E

LAT: 19° 7.39650' N
LON: 72° 50.18824' E

LAT: 19° 7.39650' N
LON: 72° 50.18831' E

LAT: 19° 7.39689' N
LON: 72° 50.18886' E

LAT: 19° 7.39692' N
LON: 72° 50.18894' E

LAT: 19° 7.39682' N
LON: 72° 50.18876' E

